env{
Logonid{"root (root)"}
SnapType{Absolute}
TimeStamp{"Wed Jan  9 04:17:46 2008 "}
Time{1199852266}
LocalDTime{041746}
LocalJDate{08009}
GmtDTime{041746}
GmtJDate{08009}
InputFile{"/usr/local/epics/siteApp/hrs/iocBoot/iochrs/hrs_dbl.txt"}
}
HRSAI_270_PI_024
HRSAI_270_TI_004
HRSAI_300_FI_110
HRSAI_300_FI_210
HRSAI_300_FI_310
HRSAI_300_FI_400
HRSAI_300_FV_315
HRSAI_300_HV_100
HRSAI_300_HV_109
HRSAI_300_HV_110
HRSAI_300_HV_119
HRSAI_300_HV_120
HRSAI_300_HV_129
HRSAI_300_HV_130
HRSAI_300_HV_140
HRSAI_300_HV_149
HRSAI_300_HV_170
HRSAI_300_HV_179
HRSAI_300_HV_200
HRSAI_300_HV_209
HRSAI_300_HV_210
HRSAI_300_HV_219
HRSAI_300_HV_220
HRSAI_300_HV_229
HRSAI_300_HV_230
HRSAI_300_HV_249
HRSAI_300_HV_270
HRSAI_300_HV_279
HRSAI_300_HV_300
HRSAI_300_HV_330
HRSAI_300_HV_339
HRSAI_300_HV_340
HRSAI_300_HV_349
HRSAI_300_HV_510
HRSAI_300_HV_519
HRSAI_300_HV_980
HRSAI_300_LI_900
HRSAI_300_LI_901
HRSAI_300_LI_902
HRSAI_300_LV_900
HRSAI_300_PDI_100
HRSAI_300_PDI_115
HRSAI_300_PDI_200
HRSAI_300_PDI_215
HRSAI_300_PDV_115
HRSAI_300_PDV_215
HRSAI_300_PI_100
HRSAI_300_PI_109
HRSAI_300_PI_110
HRSAI_300_PI_159
HRSAI_300_PI_200
HRSAI_300_PI_209
HRSAI_300_PI_210
HRSAI_300_PI_259
HRSAI_300_PI_300
HRSAI_300_PI_310
HRSAI_300_PI_319
HRSAI_300_PI_320
HRSAI_300_PI_329
HRSAI_300_PI_410
HRSAI_300_PI_900
HRSAI_300_PI_990
HRSAI_300_PI_999
HRSAI_300_PV_159
HRSAI_300_PV_190
HRSAI_300_PV_199
HRSAI_300_PV_259
HRSAI_300_PV_290
HRSAI_300_PV_299
HRSAI_300_PV_310
HRSAI_300_PV_319
HRSAI_300_PV_320
HRSAI_300_PV_329
HRSAI_300_PV_410
HRSAI_300_PV_999
HRSAI_300_SC_100
HRSAI_300_SC_200
HRSAI_300_SC_900
HRSAI_300_TI_100
HRSAI_300_TI_105
HRSAI_300_TI_109
HRSAI_300_TI_110
HRSAI_300_TI_119
HRSAI_300_TI_120
HRSAI_300_TI_129
HRSAI_300_TI_149
HRSAI_300_TI_200
HRSAI_300_TI_205
HRSAI_300_TI_209
HRSAI_300_TI_210
HRSAI_300_TI_219
HRSAI_300_TI_220
HRSAI_300_TI_229
HRSAI_300_TI_249
HRSAI_300_TI_300
HRSAI_300_TI_309
HRSAI_300_TI_319
HRSAI_300_TI_329
HRSAI_300_TI_400
HRSAI_300_TI_409
HRSAI_300_TI_470
HRSAI_300_TI_900
HRSAI_300_TV_415
HRSAI_300_TV_419
HRSAO_270_PC_024
HRSAO_270_TC_004
HRSAO_300_HV_130
HRSAO_300_HV_140
HRSAO_300_HV_149
HRSAO_300_HV_230
HRSAO_300_HV_249
HRSAO_300_HV_330
HRSAO_300_HV_339
HRSAO_300_HV_340
HRSAO_300_HV_349
HRSAO_300_HV_510
HRSAO_300_HV_519
HRSAO_300_PC_100
HRSAO_300_PC_109
HRSAO_300_PC_110
HRSAO_300_PC_159
HRSAO_300_PC_200
HRSAO_300_PC_209
HRSAO_300_PC_210
HRSAO_300_PC_259
HRSAO_300_PC_310
HRSAO_300_PC_319
HRSAO_300_PC_320
HRSAO_300_PC_329
HRSAO_300_PC_410
HRSAO_300_TC_409
HRSBI_300_MCD
HRSBI_300_MIDL
HRSBI_300_MSB
HRSBI_300_MSHT
HRSBI_300_MSIM
HRSBI_300_QA_101
HRSBI_300_QA_201
HRSBI_300_QA_311
HRSBI_300_QA_321
HRSBI_300_QA_401
HRSBI_300_QA_501
hrs-s7-status
HRSBO_300_MCD
HRSBO_300_MIDL
HRSBO_300_MSB
HRSBO_300_MSHT
HRSBO_300_MSIM
hrs-s7-disconnect-counter
hrs-s7-status-counter
